// Jest Snapshot v1, https://goo.gl/fbAQLP

exports[`component/FileAttachment should match snapshot, after change from file to image 1`] = `
<div
  className="post-image__column"
>
  <a
    className="post-image__thumbnail"
    href="#"
    onClick={[Function]}
  >
    <div
      className="post-image normal"
      style={
        Object {
          "backgroundImage": "url(/api/v4/files/2/thumbnail)",
        }
      }
    />
  </a>
  <div
    className="post-image__details"
  >
    <OverlayTrigger
      defaultOverlayShown={false}
      delayShow={1000}
      overlay={
        <Tooltip
          bsClass="tooltip"
          id="file-name__tooltip"
          placement="right"
        >
          Download "test.png"
        </Tooltip>
      }
      placement="top"
      trigger={
        Array [
          "hover",
          "focus",
        ]
      }
    >
      <a
        className="post-image__name"
        download="test.png"
        href="/api/v4/files/2"
        rel="noopener noreferrer"
        target="_blank"
      >
        test.png
      </a>
    </OverlayTrigger>
    <div>
      <a
        className="post-image__download"
        download="test.png"
        href="/api/v4/files/2"
        rel="noopener noreferrer"
        target="_blank"
      >
        <span
          className="fa fa-download"
        />
      </a>
      <span
        className="post-image__type"
      >
        PNG
      </span>
      <span
        className="post-image__size"
      >
        100B
      </span>
    </div>
  </div>
</div>
`;

exports[`component/FileAttachment should match snapshot, file with long name 1`] = `
<div
  className="post-image__column"
>
  <a
    className="post-image__thumbnail"
    href="#"
    onClick={[Function]}
  >
    <div
      className="file-icon pdf"
    />
  </a>
  <div
    className="post-image__details"
  >
    <OverlayTrigger
      defaultOverlayShown={false}
      delayShow={1000}
      overlay={
        <Tooltip
          bsClass="tooltip"
          id="file-name__tooltip"
          placement="right"
        >
          Download "a-quite-long-filename-to-test-the-filename-shortener.pdf"
        </Tooltip>
      }
      placement="top"
      trigger={
        Array [
          "hover",
          "focus",
        ]
      }
    >
      <a
        className="post-image__name"
        download="a-quite-long-filename-to-test-the-filename-shortener.pdf"
        href="/api/v4/files/1"
        rel="noopener noreferrer"
        target="_blank"
      >
        a-quite-long-filename-to-test-the-f...
      </a>
    </OverlayTrigger>
    <div>
      <a
        className="post-image__download"
        download="a-quite-long-filename-to-test-the-filename-shortener.pdf"
        href="/api/v4/files/1"
        rel="noopener noreferrer"
        target="_blank"
      >
        <span
          className="fa fa-download"
        />
      </a>
      <span
        className="post-image__type"
      >
        PDF
      </span>
      <span
        className="post-image__size"
      >
        100B
      </span>
    </div>
  </div>
</div>
`;

exports[`component/FileAttachment should match snapshot, regular file 1`] = `
<div
  className="post-image__column"
>
  <a
    className="post-image__thumbnail"
    href="#"
    onClick={[Function]}
  >
    <div
      className="file-icon pdf"
    />
  </a>
  <div
    className="post-image__details"
  >
    <OverlayTrigger
      defaultOverlayShown={false}
      delayShow={1000}
      overlay={
        <Tooltip
          bsClass="tooltip"
          id="file-name__tooltip"
          placement="right"
        >
          Download "test.pdf"
        </Tooltip>
      }
      placement="top"
      trigger={
        Array [
          "hover",
          "focus",
        ]
      }
    >
      <a
        className="post-image__name"
        download="test.pdf"
        href="/api/v4/files/1"
        rel="noopener noreferrer"
        target="_blank"
      >
        test.pdf
      </a>
    </OverlayTrigger>
    <div>
      <a
        className="post-image__download"
        download="test.pdf"
        href="/api/v4/files/1"
        rel="noopener noreferrer"
        target="_blank"
      >
        <span
          className="fa fa-download"
        />
      </a>
      <span
        className="post-image__type"
      >
        PDF
      </span>
      <span
        className="post-image__size"
      >
        100B
      </span>
    </div>
  </div>
</div>
`;

exports[`component/FileAttachment should match snapshot, regular image 1`] = `
<div
  className="post-image__column"
>
  <a
    className="post-image__thumbnail"
    href="#"
    onClick={[Function]}
  >
    <div
      className="post-image normal"
      style={
        Object {
          "backgroundImage": "url(/api/v4/files/1/thumbnail)",
        }
      }
    />
  </a>
  <div
    className="post-image__details"
  >
    <OverlayTrigger
      defaultOverlayShown={false}
      delayShow={1000}
      overlay={
        <Tooltip
          bsClass="tooltip"
          id="file-name__tooltip"
          placement="right"
        >
          Download "test.png"
        </Tooltip>
      }
      placement="top"
      trigger={
        Array [
          "hover",
          "focus",
        ]
      }
    >
      <a
        className="post-image__name"
        download="test.png"
        href="/api/v4/files/1"
        rel="noopener noreferrer"
        target="_blank"
      >
        test.png
      </a>
    </OverlayTrigger>
    <div>
      <a
        className="post-image__download"
        download="test.png"
        href="/api/v4/files/1"
        rel="noopener noreferrer"
        target="_blank"
      >
        <span
          className="fa fa-download"
        />
      </a>
      <span
        className="post-image__type"
      >
        PNG
      </span>
      <span
        className="post-image__size"
      >
        100B
      </span>
    </div>
  </div>
</div>
`;

exports[`component/FileAttachment should match snapshot, small image 1`] = `
<div
  className="post-image__column"
>
  <a
    className="post-image__thumbnail"
    href="#"
    onClick={[Function]}
  >
    <div
      className="post-image small"
      style={
        Object {
          "backgroundImage": "url(/api/v4/files/1/thumbnail)",
        }
      }
    />
  </a>
  <div
    className="post-image__details"
  >
    <OverlayTrigger
      defaultOverlayShown={false}
      delayShow={1000}
      overlay={
        <Tooltip
          bsClass="tooltip"
          id="file-name__tooltip"
          placement="right"
        >
          Download "test.png"
        </Tooltip>
      }
      placement="top"
      trigger={
        Array [
          "hover",
          "focus",
        ]
      }
    >
      <a
        className="post-image__name"
        download="test.png"
        href="/api/v4/files/1"
        rel="noopener noreferrer"
        target="_blank"
      >
        test.png
      </a>
    </OverlayTrigger>
    <div>
      <a
        className="post-image__download"
        download="test.png"
        href="/api/v4/files/1"
        rel="noopener noreferrer"
        target="_blank"
      >
        <span
          className="fa fa-download"
        />
      </a>
      <span
        className="post-image__type"
      >
        PNG
      </span>
      <span
        className="post-image__size"
      >
        100B
      </span>
    </div>
  </div>
</div>
`;

exports[`component/FileAttachment should match snapshot, svg image 1`] = `
<div
  className="post-image__column"
>
  <a
    className="post-image__thumbnail"
    href="#"
    onClick={[Function]}
  >
    <img
      className="post-image normal"
      src="/api/v4/files/1"
    />
  </a>
  <div
    className="post-image__details"
  >
    <OverlayTrigger
      defaultOverlayShown={false}
      delayShow={1000}
      overlay={
        <Tooltip
          bsClass="tooltip"
          id="file-name__tooltip"
          placement="right"
        >
          Download "test.svg"
        </Tooltip>
      }
      placement="top"
      trigger={
        Array [
          "hover",
          "focus",
        ]
      }
    >
      <a
        className="post-image__name"
        download="test.svg"
        href="/api/v4/files/1"
        rel="noopener noreferrer"
        target="_blank"
      >
        test.svg
      </a>
    </OverlayTrigger>
    <div>
      <a
        className="post-image__download"
        download="test.svg"
        href="/api/v4/files/1"
        rel="noopener noreferrer"
        target="_blank"
      >
        <span
          className="fa fa-download"
        />
      </a>
      <span
        className="post-image__type"
      >
        SVG
      </span>
      <span
        className="post-image__size"
      >
        100B
      </span>
    </div>
  </div>
</div>
`;

exports[`component/FileAttachment should match snapshot, when file is not loaded 1`] = `
<div
  className="post-image__column"
>
  <a
    className="post-image__thumbnail"
    href="#"
    onClick={[Function]}
  >
    <div
      className="post-image__load"
    />
  </a>
  <div
    className="post-image__details"
  >
    <OverlayTrigger
      defaultOverlayShown={false}
      delayShow={1000}
      overlay={
        <Tooltip
          bsClass="tooltip"
          id="file-name__tooltip"
          placement="right"
        >
          Download "test.pdf"
        </Tooltip>
      }
      placement="top"
      trigger={
        Array [
          "hover",
          "focus",
        ]
      }
    >
      <a
        className="post-image__name"
        download="test.pdf"
        href="/api/v4/files/1"
        rel="noopener noreferrer"
        target="_blank"
      >
        test.pdf
      </a>
    </OverlayTrigger>
    <div>
      <a
        className="post-image__download"
        download="test.pdf"
        href="/api/v4/files/1"
        rel="noopener noreferrer"
        target="_blank"
      >
        <span
          className="fa fa-download"
        />
      </a>
      <span
        className="post-image__type"
      >
        PDF
      </span>
      <span
        className="post-image__size"
      >
        100B
      </span>
    </div>
  </div>
</div>
`;

exports[`component/FileAttachment should match snapshot, with compact display 1`] = `
<div
  className="post-image__column"
>
  <a
    className="post-image__thumbnail"
    href="#"
    onClick={[Function]}
  >
    <div
      className="file-icon pdf"
    />
  </a>
  <div
    className="post-image__details"
  >
    <OverlayTrigger
      defaultOverlayShown={false}
      delayShow={1000}
      overlay={
        <Tooltip
          bsClass="tooltip"
          id="file-name__tooltip"
          placement="right"
        >
          test.pdf
        </Tooltip>
      }
      placement="top"
      trigger={
        Array [
          "hover",
          "focus",
        ]
      }
    >
      <a
        className="post-image__name"
        href="#"
        onClick={[Function]}
        rel="noopener noreferrer"
      >
        <AttachmentIcon
          className="icon"
        />
        test.pdf
      </a>
    </OverlayTrigger>
    <div>
      <a
        className="post-image__download"
        download="test.pdf"
        href="/api/v4/files/1"
        rel="noopener noreferrer"
        target="_blank"
      >
        <span
          className="fa fa-download"
        />
      </a>
      <span
        className="post-image__type"
      >
        PDF
      </span>
      <span
        className="post-image__size"
      >
        100B
      </span>
    </div>
  </div>
</div>
`;

exports[`component/FileAttachment should match snapshot, without compact display and without can download 1`] = `
<div
  className="post-image__column"
>
  <a
    className="post-image__thumbnail"
    href="#"
    onClick={[Function]}
  >
    <div
      className="file-icon pdf"
    />
  </a>
  <div
    className="post-image__details"
  >
    <span
      className="post-image__name"
    >
      test.pdf
    </span>
    <div>
      <span
        className="post-image__type"
      >
        PDF
      </span>
      <span
        className="post-image__size"
      >
        100B
      </span>
    </div>
  </div>
</div>
`;
